// Jest Snapshot v1, https://goo.gl/fbAQLP

exports[`Page of Biers 1`] = `
<div>
  <header
    className=""
  >
    <h1
      id="logo"
    >
      Bier!
    </h1>
    <nav>
      <form
        onSubmit={[Function]}
      >
        <input
          autoComplete="off"
          id="querytext"
          onChange={[Function]}
          placeholder=""
          type="text"
          value=""
        />
        <button
          disabled={true}
        >
          Submit
        </button>
      </form>
      <a
        href=""
        onClick={[Function]}
      >
        name
        
        
      </a>
      <a
        href=""
        onClick={[Function]}
      >
        abv
        
        
      </a>
      <a
        href=""
        onClick={[Function]}
      >
        status
        
        
      </a>
    </nav>
  </header>
  <div>
    <div
      className="bierlist"
    />
  </div>
  <div
    className="morebeer"
  >
    No More bier! :(
  </div>
</div>
`;
